{"status": "ZERO_UPDATE_INTERFACE_CHECKS", "reference_read": false, "optimizer_updates": 0, "times": [0.0, 0.175, 0.7, 1.425, 2.0], "records": {"E0": {"values": [{"top_current": 0.0, "bottom_current": 0.0, "joule_power": 0.0, "internal_power": 0.0, "top_power": 0.0, "bottom_power": 0.0, "time": 0.0, "current_gap": 0.0, "power_gap": 0.0, "temperature_max": 0.0, "phase_max": 0.029947898547040934}, {"top_current": 1.16884868904239, "bottom_current": 1.1688486890424046, "joule_power": 0.8415710561105301, "internal_power": 0.8192110208583948, "top_power": 0.00857436701144813, "bottom_power": 0.013785668240687103, "time": 0.175, "current_gap": -1.4654943925052066e-14, "power_gap": 9.325873406851315e-15, "temperature_max": 0.7536128591104411, "phase_max": 0.6418043167217464}, {"top_current": 0.0, "bottom_current": 0.0, "joule_power": 0.0, "internal_power": 0.0, "top_power": 0.0, "bottom_power": 0.0, "time": 0.7, "current_gap": 0.0, "power_gap": 0.0, "temperature_max": 0.09762032062366686, "phase_max": 0.7872016153239004}, {"top_current": 1.0868199394057296, "bottom_current": 1.0868199394057267, "joule_power": 0.7825103563721222, "internal_power": 0.7528397781802301, "top_power": 0.007419704626378198, "bottom_power": 0.02225087356551406, "time": 1.425, "current_gap": 2.886579864025407e-15, "power_gap": -3.1086244689504383e-15, "temperature_max": 0.8214647210757421, "phase_max": 0.1383728635870562}, {"top_current": 0.0, "bottom_current": 0.0, "joule_power": 0.0, "internal_power": 0.0, "top_power": 0.0, "bottom_power": 0.0, "time": 2.0, "current_gap": 0.0, "power_gap": 0.0, "temperature_max": 0.07799858320382493, "phase_max": 0.6371353215642699}], "electrical_counts": {"forward_queries": 5, "zero_drive_queries": 3, "factorizations": 2, "forward_solves": 2, "adjoint_solves": 0, "zero_adjoint_queries": 0, "max_forward_scaled_residual": 1.5372239466139647e-15, "max_adjoint_scaled_residual": 0.0}}, "B_E": {"values": [{"top_current": 0.0, "bottom_current": 0.0, "joule_power": 0.0, "internal_power": 0.0, "top_power": 0.0, "bottom_power": 0.0, "time": 0.0, "current_gap": 0.0, "power_gap": 0.0, "temperature_max": 0.0, "phase_max": 0.029947898547040934}, {"top_current": 1.0849885382583704, "bottom_current": 1.0849885382583548, "joule_power": 0.7811917475460146, "internal_power": 0.7515881374927429, "top_power": 0.007391200320776739, "bottom_power": 0.022212409732494935, "time": 0.175, "current_gap": 1.554312234475219e-14, "power_gap": -1.199040866595169e-14, "temperature_max": 0.8293495647938152, "phase_max": 0.17326814619836217}, {"top_current": 0.0, "bottom_current": 0.0, "joule_power": 0.0, "internal_power": 0.0, "top_power": 0.0, "bottom_power": 0.0, "time": 0.7, "current_gap": 0.0, "power_gap": 0.0, "temperature_max": 0.09142952507034527, "phase_max": 0.7508372640129676}, {"top_current": 1.0836974493188332, "bottom_current": 1.08369744931883, "joule_power": 0.7802621635095575, "internal_power": 0.7503954977500427, "top_power": 0.007374677952070234, "bottom_power": 0.022491987807444533, "time": 1.425, "current_gap": 3.1086244689504383e-15, "power_gap": -2.3314683517128287e-15, "temperature_max": 0.8344039632118166, "phase_max": 0.12489594961139451}, {"top_current": 0.0, "bottom_current": 0.0, "joule_power": 0.0, "internal_power": 0.0, "top_power": 0.0, "bottom_power": 0.0, "time": 2.0, "current_gap": 0.0, "power_gap": 0.0, "temperature_max": 0.07346734741822666, "phase_max": 0.6326980039500757}], "electrical_counts": {"forward_queries": 5, "zero_drive_queries": 3, "factorizations": 2, "forward_solves": 2, "adjoint_solves": 0, "zero_adjoint_queries": 0, "max_forward_scaled_residual": 1.9943191079910184e-15, "max_adjoint_scaled_residual": 0.0}}}, "gradients": {"temperature": {"analytic": -6.7411312217330925, "central_difference": -6.741131197163241, "absolute_error": 2.4569851930777986e-08, "relative_error": 3.6447668978117395e-09, "passed": true}, "phase": {"analytic": 32.80487790917809, "central_difference": 32.80487791252895, "absolute_error": 3.3508626984257717e-09, "relative_error": 1.0214525740228403e-10, "passed": true}}, "joint_check_statistics": {"objectives": {"complete_objective_gradient_evaluations": 0, "adam_objective_gradient_evaluations": 0, "audit_objective_evaluations": 4, "audit_objective_gradient_evaluations": 1, "optimizer_updates": 0}, "electrical": {"forward_queries": 5, "zero_drive_queries": 0, "factorizations": 5, "forward_solves": 5, "adjoint_solves": 1, "zero_adjoint_queries": 0, "max_forward_scaled_residual": 1.8445673241972658e-15, "max_adjoint_scaled_residual": 1.871715951594024e-14}}, "joint_loss": 9.391925117231628, "device": "cuda:0"}
{"role": "D_E", "adam": 1, "objective": 0.5282054784080146}
{"role": "D_E", "adam": 50, "objective": 1.4704485902195132}
{"role": "D_E", "adam": 100, "objective": 0.45861354331381043}
{"role": "D_E", "adam": 150, "objective": 2.2918515878642296}
{"role": "D_E", "adam": 200, "objective": 1.4357095700816551}
{"role": "D_E", "adam": 250, "objective": 0.5856575912105944}
{"role": "D_E", "adam": 300, "objective": 1.4627243975381363}
{"role": "D_E", "adam": 350, "objective": 0.4959826559813671}
{"role": "D_E", "adam": 400, "objective": 1.0579022532681215}
{"role": "D_E", "adam": 450, "objective": 1.2987091907713302}
{"role": "D_E", "adam": 500, "objective": 0.6008158235392869}
{"role": "D_E", "adam": 550, "objective": 1.4246551562987473}
{"role": "D_E", "adam": 600, "objective": 0.5855188697696719}
{"role": "D_E", "adam": 650, "objective": 1.809868830928869}
{"role": "D_E", "adam": 700, "objective": 1.2272369125263385}
{"role": "D_E", "adam": 750, "objective": 2.0590931014607263}
{"role": "D_E", "adam": 800, "objective": 1.32879569218337}
{"role": "D_E", "adam": 850, "objective": 0.517805220171226}
{"role": "D_E", "adam": 900, "objective": 0.5705875730687173}
{"role": "D_E", "adam": 950, "objective": 0.7800521328772492}
{"role": "D_E", "adam": 1000, "objective": 0.6039091270254392}
{"role": "D_E", "adam": 1050, "objective": 1.965500593228467}
{"role": "D_E", "adam": 1100, "objective": 0.5183533582759181}
{"role": "D_E", "adam": 1150, "objective": 1.8488755045757905}
{"role": "D_E", "adam": 1200, "objective": 0.45871975391640046}
{"role": "D_E", "adam": 1250, "objective": 0.5075716539339707}
{"role": "D_E", "adam": 1300, "objective": 0.8683503094523869}
{"role": "D_E", "adam": 1350, "objective": 1.4274294297406664}
{"role": "D_E", "adam": 1400, "objective": 1.790748961995905}
{"role": "D_E", "adam": 1450, "objective": 0.7176872143199257}
{"role": "D_E", "adam": 1500, "objective": 0.7068482608974921}
{"role": "D_E", "lbfgs": 3, "loss": 0.9769357369159115}
{"role": "D_E", "lbfgs": 21, "loss": 0.9410046033293765}
{"role": "D_E", "lbfgs": 41, "loss": 0.9332663027918147}
{"role": "D_E", "lbfgs": 62, "loss": 0.9105026901593398}
{"role": "D_E", "lbfgs": 82, "loss": 0.8673184957399266}
{"role": "D_E", "lbfgs": 102, "loss": 0.825027352557151}
{"role": "D_E", "lbfgs": 123, "loss": 0.8064427764269781}
{"role": "D_E", "lbfgs": 143, "loss": 0.7844403435221962}
{"role": "D_E", "lbfgs": 163, "loss": 0.7565478839004022}
{"role": "D_E", "lbfgs": 184, "loss": 0.7134721972730773}
{"role": "D_E", "lbfgs": 204, "loss": 0.6764632656431376}
{"role": "D_E", "lbfgs": 226, "loss": 0.6520159059972059}
{"role": "D_E", "lbfgs": 246, "loss": 0.6283009662075937}
{"role": "D_E", "lbfgs": 266, "loss": 0.6041769451519136}
{"role": "D_E", "lbfgs": 286, "loss": 0.5772713747980617}
{"role": "D_E", "status": "VALID_FIXED_ENDPOINT", "adam_updates": 1500, "full_evaluations": 300}
{"prediction_role": "D_E", "time_index": 0, "total": 1001}
{"prediction_role": "D_E", "time_index": 200, "total": 1001}
{"prediction_role": "D_E", "time_index": 400, "total": 1001}
{"prediction_role": "D_E", "time_index": 600, "total": 1001}
{"prediction_role": "D_E", "time_index": 800, "total": 1001}
{"prediction_role": "D_E", "time_index": 1000, "total": 1001}
{"role": "P_E", "adam": 1, "objective": 0.5282058006960305}
{"role": "P_E", "adam": 50, "objective": 1.4704957440476192}
{"role": "P_E", "adam": 100, "objective": 0.4587657742806727}
{"role": "P_E", "adam": 150, "objective": 2.2918922318692947}
{"role": "P_E", "adam": 200, "objective": 1.437061066991744}
{"role": "P_E", "adam": 250, "objective": 0.5856852561972717}
{"role": "P_E", "adam": 300, "objective": 1.4629960768579804}
{"role": "P_E", "adam": 350, "objective": 0.49602369884239633}
{"role": "P_E", "adam": 400, "objective": 1.0578697144510203}
{"role": "P_E", "adam": 450, "objective": 1.2962595255710485}
{"role": "P_E", "adam": 500, "objective": 0.6083915209020173}
{"role": "P_E", "adam": 550, "objective": 1.4693168661288327}
{"role": "P_E", "adam": 600, "objective": 0.5914281722151441}
{"role": "P_E", "adam": 650, "objective": 1.8470805210327457}
{"role": "P_E", "adam": 700, "objective": 1.2163622863457806}
{"role": "P_E", "adam": 750, "objective": 1.985978485703308}
{"role": "P_E", "adam": 800, "objective": 1.1863275250866618}
{"role": "P_E", "adam": 850, "objective": 0.5172185751116318}
{"role": "P_E", "adam": 900, "objective": 0.5844177752757191}
{"role": "P_E", "adam": 950, "objective": 0.7901045478656614}
{"role": "P_E", "adam": 1000, "objective": 0.617715324790261}
{"role": "P_E", "adam": 1050, "objective": 1.941909400091826}
{"role": "P_E", "adam": 1100, "objective": 0.5243139697205953}
{"role": "P_E", "adam": 1150, "objective": 1.5202149858926912}
{"role": "P_E", "adam": 1200, "objective": 0.4623657442370845}
{"role": "P_E", "adam": 1250, "objective": 0.48821672764638446}
{"role": "P_E", "adam": 1300, "objective": 0.8699143008359278}
{"role": "P_E", "adam": 1350, "objective": 1.4017188713818827}
{"role": "P_E", "adam": 1400, "objective": 1.7488695858545944}
{"role": "P_E", "adam": 1450, "objective": 0.7051652999648841}
{"role": "P_E", "adam": 1500, "objective": 0.6927685495715767}
{"role": "P_E", "lbfgs": 3, "loss": 0.9691538959318093}
{"role": "P_E", "lbfgs": 21, "loss": 0.9403382663699023}
{"role": "P_E", "lbfgs": 42, "loss": 0.9326414295324622}
{"role": "P_E", "lbfgs": 62, "loss": 0.9090920822096177}
{"role": "P_E", "lbfgs": 82, "loss": 0.8697138458514729}
{"role": "P_E", "lbfgs": 102, "loss": 0.8238637800470389}
{"role": "P_E", "lbfgs": 123, "loss": 0.8078361412775974}
{"role": "P_E", "lbfgs": 144, "loss": 0.7784390251031467}
{"role": "P_E", "lbfgs": 164, "loss": 0.750248638843415}
{"role": "P_E", "lbfgs": 184, "loss": 0.710374395329669}
{"role": "P_E", "lbfgs": 204, "loss": 0.67052674449545}
{"role": "P_E", "lbfgs": 226, "loss": 0.6510852745034236}
{"role": "P_E", "lbfgs": 246, "loss": 0.6325565622966609}
{"role": "P_E", "lbfgs": 266, "loss": 0.6122727970367494}
{"role": "P_E", "lbfgs": 286, "loss": 0.5886337250505554}
{"role": "P_E", "status": "VALID_FIXED_ENDPOINT", "adam_updates": 1500, "full_evaluations": 300}
{"prediction_role": "P_E", "time_index": 0, "total": 1001}
{"prediction_role": "P_E", "time_index": 200, "total": 1001}
{"prediction_role": "P_E", "time_index": 400, "total": 1001}
{"prediction_role": "P_E", "time_index": 600, "total": 1001}
{"prediction_role": "P_E", "time_index": 800, "total": 1001}
{"prediction_role": "P_E", "time_index": 1000, "total": 1001}
Recover the fixed endpoints and own predictions, then shut down and confirm the actual instance before reference evaluation.
