Syntax Error: No display font for 'Symbol'
Syntax Error: No display font for 'ArialUnicode'

FullName                                                                                                 Length
--------                                                                                                 ------
E:\Python demo\PINN-PCM-SCI\paper\paper_revision_20260925_integrated\build\render-supplement\page-01.png 404110
E:\Python demo\PINN-PCM-SCI\paper\paper_revision_20260925_integrated\build\render-supplement\page-02.png 411956
E:\Python demo\PINN-PCM-SCI\paper\paper_revision_20260925_integrated\build\render-supplement\page-03.png 392211
E:\Python demo\PINN-PCM-SCI\paper\paper_revision_20260925_integrated\build\render-supplement\page-04.png 435283
E:\Python demo\PINN-PCM-SCI\paper\paper_revision_20260925_integrated\build\render-supplement\page-05.png 393712
E:\Python demo\PINN-PCM-SCI\paper\paper_revision_20260925_integrated\build\render-supplement\page-06.png 238385
E:\Python demo\PINN-PCM-SCI\paper\paper_revision_20260925_integrated\build\render-supplement\page-07.png 233074
E:\Python demo\PINN-PCM-SCI\paper\paper_revision_20260925_integrated\build\render-supplement\page-08.png 302550
E:\Python demo\PINN-PCM-SCI\paper\paper_revision_20260925_integrated\build\render-supplement\page-09.png 438971
E:\Python demo\PINN-PCM-SCI\paper\paper_revision_20260925_integrated\build\render-supplement\page-10.png 391394
E:\Python demo\PINN-PCM-SCI\paper\paper_revision_20260925_integrated\build\render-supplement\page-11.png 317574
E:\Python demo\PINN-PCM-SCI\paper\paper_revision_20260925_integrated\build\render-supplement\page-12.png 439053
E:\Python demo\PINN-PCM-SCI\paper\paper_revision_20260925_integrated\build\render-supplement\page-13.png 275513
E:\Python demo\PINN-PCM-SCI\paper\paper_revision_20260925_integrated\build\render-supplement\page-14.png 270205
E:\Python demo\PINN-PCM-SCI\paper\paper_revision_20260925_integrated\build\render-supplement\page-15.png 160958
E:\Python demo\PINN-PCM-SCI\paper\paper_revision_20260925_integrated\build\render-supplement\page-16.png 327132
E:\Python demo\PINN-PCM-SCI\paper\paper_revision_20260925_integrated\build\render-supplement\page-17.png 398105
E:\Python demo\PINN-PCM-SCI\paper\paper_revision_20260925_integrated\build\render-supplement\page-18.png 411230
E:\Python demo\PINN-PCM-SCI\paper\paper_revision_20260925_integrated\build\render-supplement\page-19.png 220958
E:\Python demo\PINN-PCM-SCI\paper\paper_revision_20260925_integrated\build\render-supplement\page-20.png 188108
E:\Python demo\PINN-PCM-SCI\paper\paper_revision_20260925_integrated\build\render-supplement\page-21.png 276725
E:\Python demo\PINN-PCM-SCI\paper\paper_revision_20260925_integrated\build\render-supplement\page-22.png 350198
E:\Python demo\PINN-PCM-SCI\paper\paper_revision_20260925_integrated\build\render-supplement\page-23.png 262694
E:\Python demo\PINN-PCM-SCI\paper\paper_revision_20260925_integrated\build\render-supplement\page-24.png 281673
E:\Python demo\PINN-PCM-SCI\paper\paper_revision_20260925_integrated\build\render-supplement\page-25.png 176217
E:\Python demo\PINN-PCM-SCI\paper\paper_revision_20260925_integrated\build\render-supplement\page-26.png 288439
E:\Python demo\PINN-PCM-SCI\paper\paper_revision_20260925_integrated\build\render-supplement\page-27.png 196864
E:\Python demo\PINN-PCM-SCI\paper\paper_revision_20260925_integrated\build\render-supplement\page-28.png 301059
E:\Python demo\PINN-PCM-SCI\paper\paper_revision_20260925_integrated\build\render-supplement\page-29.png 188299
E:\Python demo\PINN-PCM-SCI\paper\paper_revision_20260925_integrated\build\render-supplement\page-30.png 296777
E:\Python demo\PINN-PCM-SCI\paper\paper_revision_20260925_integrated\build\render-supplement\page-31.png 288860
E:\Python demo\PINN-PCM-SCI\paper\paper_revision_20260925_integrated\build\render-supplement\page-32.png 413099
E:\Python demo\PINN-PCM-SCI\paper\paper_revision_20260925_integrated\build\render-supplement\page-33.png 434050
E:\Python demo\PINN-PCM-SCI\paper\paper_revision_20260925_integrated\build\render-supplement\page-34.png 235011
E:\Python demo\PINN-PCM-SCI\paper\paper_revision_20260925_integrated\build\render-supplement\page-35.png 258707
E:\Python demo\PINN-PCM-SCI\paper\paper_revision_20260925_integrated\build\render-supplement\page-36.png 227694
E:\Python demo\PINN-PCM-SCI\paper\paper_revision_20260925_integrated\build\render-supplement\page-37.png 299365
E:\Python demo\PINN-PCM-SCI\paper\paper_revision_20260925_integrated\build\render-supplement\page-38.png 390459
E:\Python demo\PINN-PCM-SCI\paper\paper_revision_20260925_integrated\build\render-supplement\page-39.png 428140
E:\Python demo\PINN-PCM-SCI\paper\paper_revision_20260925_integrated\build\render-supplement\page-40.png 259360
E:\Python demo\PINN-PCM-SCI\paper\paper_revision_20260925_integrated\build\render-supplement\page-41.png 182680
E:\Python demo\PINN-PCM-SCI\paper\paper_revision_20260925_integrated\build\render-supplement\page-42.png 191891
E:\Python demo\PINN-PCM-SCI\paper\paper_revision_20260925_integrated\build\render-supplement\page-43.png 175003
E:\Python demo\PINN-PCM-SCI\paper\paper_revision_20260925_integrated\build\render-supplement\page-44.png 231975
E:\Python demo\PINN-PCM-SCI\paper\paper_revision_20260925_integrated\build\render-supplement\page-45.png 226085
E:\Python demo\PINN-PCM-SCI\paper\paper_revision_20260925_integrated\build\render-supplement\page-46.png 244508
E:\Python demo\PINN-PCM-SCI\paper\paper_revision_20260925_integrated\build\render-supplement\page-47.png 339870
E:\Python demo\PINN-PCM-SCI\paper\paper_revision_20260925_integrated\build\render-supplement\page-48.png 286759
E:\Python demo\PINN-PCM-SCI\paper\paper_revision_20260925_integrated\build\render-supplement\page-49.png 324179
E:\Python demo\PINN-PCM-SCI\paper\paper_revision_20260925_integrated\build\render-supplement\page-50.png 188462
E:\Python demo\PINN-PCM-SCI\paper\paper_revision_20260925_integrated\build\render-supplement\page-51.png 336311
E:\Python demo\PINN-PCM-SCI\paper\paper_revision_20260925_integrated\build\render-supplement\page-52.png 394226

