Syntax Error: No display font for 'Symbol'
Syntax Error: No display font for 'ArialUnicode'

FullName                                                                                                 Length
--------                                                                                                 ------
E:\Python demo\PINN-PCM-SCI\paper\paper_revision_20260925_integrated\build\render-manuscript\page-01.png 436257
E:\Python demo\PINN-PCM-SCI\paper\paper_revision_20260925_integrated\build\render-manuscript\page-02.png 377741
E:\Python demo\PINN-PCM-SCI\paper\paper_revision_20260925_integrated\build\render-manuscript\page-03.png 361947
E:\Python demo\PINN-PCM-SCI\paper\paper_revision_20260925_integrated\build\render-manuscript\page-04.png 353417
E:\Python demo\PINN-PCM-SCI\paper\paper_revision_20260925_integrated\build\render-manuscript\page-05.png 405676
E:\Python demo\PINN-PCM-SCI\paper\paper_revision_20260925_integrated\build\render-manuscript\page-06.png 433061
E:\Python demo\PINN-PCM-SCI\paper\paper_revision_20260925_integrated\build\render-manuscript\page-07.png 265318
E:\Python demo\PINN-PCM-SCI\paper\paper_revision_20260925_integrated\build\render-manuscript\page-08.png 150714
E:\Python demo\PINN-PCM-SCI\paper\paper_revision_20260925_integrated\build\render-manuscript\page-09.png 309853
E:\Python demo\PINN-PCM-SCI\paper\paper_revision_20260925_integrated\build\render-manuscript\page-10.png 220896
E:\Python demo\PINN-PCM-SCI\paper\paper_revision_20260925_integrated\build\render-manuscript\page-11.png 247640
E:\Python demo\PINN-PCM-SCI\paper\paper_revision_20260925_integrated\build\render-manuscript\page-12.png 336621
E:\Python demo\PINN-PCM-SCI\paper\paper_revision_20260925_integrated\build\render-manuscript\page-13.png 309862
E:\Python demo\PINN-PCM-SCI\paper\paper_revision_20260925_integrated\build\render-manuscript\page-14.png 396859
E:\Python demo\PINN-PCM-SCI\paper\paper_revision_20260925_integrated\build\render-manuscript\page-15.png 428316
E:\Python demo\PINN-PCM-SCI\paper\paper_revision_20260925_integrated\build\render-manuscript\page-16.png 313915

