Syntax Error: No display font for 'Symbol'
Syntax Error: No display font for 'ArialUnicode'

FullName                                                                                                 Length
--------                                                                                                 ------
E:\Python demo\PINN-PCM-SCI\paper\paper_revision_20260926_core\build\layout-manuscript-final\page-01.png 434041
E:\Python demo\PINN-PCM-SCI\paper\paper_revision_20260926_core\build\layout-manuscript-final\page-02.png 371583
E:\Python demo\PINN-PCM-SCI\paper\paper_revision_20260926_core\build\layout-manuscript-final\page-03.png 368572
E:\Python demo\PINN-PCM-SCI\paper\paper_revision_20260926_core\build\layout-manuscript-final\page-04.png 344146
E:\Python demo\PINN-PCM-SCI\paper\paper_revision_20260926_core\build\layout-manuscript-final\page-05.png 401780
E:\Python demo\PINN-PCM-SCI\paper\paper_revision_20260926_core\build\layout-manuscript-final\page-06.png 433110
E:\Python demo\PINN-PCM-SCI\paper\paper_revision_20260926_core\build\layout-manuscript-final\page-07.png 292495
E:\Python demo\PINN-PCM-SCI\paper\paper_revision_20260926_core\build\layout-manuscript-final\page-08.png 149903
E:\Python demo\PINN-PCM-SCI\paper\paper_revision_20260926_core\build\layout-manuscript-final\page-09.png 308731
E:\Python demo\PINN-PCM-SCI\paper\paper_revision_20260926_core\build\layout-manuscript-final\page-10.png 359213
E:\Python demo\PINN-PCM-SCI\paper\paper_revision_20260926_core\build\layout-manuscript-final\page-11.png 246753
E:\Python demo\PINN-PCM-SCI\paper\paper_revision_20260926_core\build\layout-manuscript-final\page-12.png 336908
E:\Python demo\PINN-PCM-SCI\paper\paper_revision_20260926_core\build\layout-manuscript-final\page-13.png 351213
E:\Python demo\PINN-PCM-SCI\paper\paper_revision_20260926_core\build\layout-manuscript-final\page-14.png 396166
E:\Python demo\PINN-PCM-SCI\paper\paper_revision_20260926_core\build\layout-manuscript-final\page-15.png 448748
E:\Python demo\PINN-PCM-SCI\paper\paper_revision_20260926_core\build\layout-manuscript-final\page-16.png 447055

