Syntax Error: No display font for 'Symbol'
Syntax Error: No display font for 'ArialUnicode'

FullName                                                                                                 Length
--------                                                                                                 ------
E:\Python demo\PINN-PCM-SCI\paper\paper_revision_20260926_core\build\layout-supplement-final\page-01.png 407982
E:\Python demo\PINN-PCM-SCI\paper\paper_revision_20260926_core\build\layout-supplement-final\page-02.png 411606
E:\Python demo\PINN-PCM-SCI\paper\paper_revision_20260926_core\build\layout-supplement-final\page-03.png 391279
E:\Python demo\PINN-PCM-SCI\paper\paper_revision_20260926_core\build\layout-supplement-final\page-04.png 434523
E:\Python demo\PINN-PCM-SCI\paper\paper_revision_20260926_core\build\layout-supplement-final\page-05.png 392906
E:\Python demo\PINN-PCM-SCI\paper\paper_revision_20260926_core\build\layout-supplement-final\page-06.png 237922
E:\Python demo\PINN-PCM-SCI\paper\paper_revision_20260926_core\build\layout-supplement-final\page-07.png 232624
E:\Python demo\PINN-PCM-SCI\paper\paper_revision_20260926_core\build\layout-supplement-final\page-08.png 301983
E:\Python demo\PINN-PCM-SCI\paper\paper_revision_20260926_core\build\layout-supplement-final\page-09.png 438807
E:\Python demo\PINN-PCM-SCI\paper\paper_revision_20260926_core\build\layout-supplement-final\page-10.png 390791
E:\Python demo\PINN-PCM-SCI\paper\paper_revision_20260926_core\build\layout-supplement-final\page-11.png 317012
E:\Python demo\PINN-PCM-SCI\paper\paper_revision_20260926_core\build\layout-supplement-final\page-12.png 438446
E:\Python demo\PINN-PCM-SCI\paper\paper_revision_20260926_core\build\layout-supplement-final\page-13.png 274865
E:\Python demo\PINN-PCM-SCI\paper\paper_revision_20260926_core\build\layout-supplement-final\page-14.png 269602
E:\Python demo\PINN-PCM-SCI\paper\paper_revision_20260926_core\build\layout-supplement-final\page-15.png 160301
E:\Python demo\PINN-PCM-SCI\paper\paper_revision_20260926_core\build\layout-supplement-final\page-16.png 326491
E:\Python demo\PINN-PCM-SCI\paper\paper_revision_20260926_core\build\layout-supplement-final\page-17.png 397465
E:\Python demo\PINN-PCM-SCI\paper\paper_revision_20260926_core\build\layout-supplement-final\page-18.png 410625
E:\Python demo\PINN-PCM-SCI\paper\paper_revision_20260926_core\build\layout-supplement-final\page-19.png 220395
E:\Python demo\PINN-PCM-SCI\paper\paper_revision_20260926_core\build\layout-supplement-final\page-20.png 187490
E:\Python demo\PINN-PCM-SCI\paper\paper_revision_20260926_core\build\layout-supplement-final\page-21.png 276037
E:\Python demo\PINN-PCM-SCI\paper\paper_revision_20260926_core\build\layout-supplement-final\page-22.png 349563
E:\Python demo\PINN-PCM-SCI\paper\paper_revision_20260926_core\build\layout-supplement-final\page-23.png 262196
E:\Python demo\PINN-PCM-SCI\paper\paper_revision_20260926_core\build\layout-supplement-final\page-24.png 281031
E:\Python demo\PINN-PCM-SCI\paper\paper_revision_20260926_core\build\layout-supplement-final\page-25.png 175617
E:\Python demo\PINN-PCM-SCI\paper\paper_revision_20260926_core\build\layout-supplement-final\page-26.png 287848
E:\Python demo\PINN-PCM-SCI\paper\paper_revision_20260926_core\build\layout-supplement-final\page-27.png 196392
E:\Python demo\PINN-PCM-SCI\paper\paper_revision_20260926_core\build\layout-supplement-final\page-28.png 300389
E:\Python demo\PINN-PCM-SCI\paper\paper_revision_20260926_core\build\layout-supplement-final\page-29.png 187730
E:\Python demo\PINN-PCM-SCI\paper\paper_revision_20260926_core\build\layout-supplement-final\page-30.png 296220
E:\Python demo\PINN-PCM-SCI\paper\paper_revision_20260926_core\build\layout-supplement-final\page-31.png 288261
E:\Python demo\PINN-PCM-SCI\paper\paper_revision_20260926_core\build\layout-supplement-final\page-32.png 412435
E:\Python demo\PINN-PCM-SCI\paper\paper_revision_20260926_core\build\layout-supplement-final\page-33.png 433424
E:\Python demo\PINN-PCM-SCI\paper\paper_revision_20260926_core\build\layout-supplement-final\page-34.png 234344
E:\Python demo\PINN-PCM-SCI\paper\paper_revision_20260926_core\build\layout-supplement-final\page-35.png 258089
E:\Python demo\PINN-PCM-SCI\paper\paper_revision_20260926_core\build\layout-supplement-final\page-36.png 227092
E:\Python demo\PINN-PCM-SCI\paper\paper_revision_20260926_core\build\layout-supplement-final\page-37.png 298695
E:\Python demo\PINN-PCM-SCI\paper\paper_revision_20260926_core\build\layout-supplement-final\page-38.png 389849
E:\Python demo\PINN-PCM-SCI\paper\paper_revision_20260926_core\build\layout-supplement-final\page-39.png 427505
E:\Python demo\PINN-PCM-SCI\paper\paper_revision_20260926_core\build\layout-supplement-final\page-40.png 258763
E:\Python demo\PINN-PCM-SCI\paper\paper_revision_20260926_core\build\layout-supplement-final\page-41.png 182078
E:\Python demo\PINN-PCM-SCI\paper\paper_revision_20260926_core\build\layout-supplement-final\page-42.png 191261
E:\Python demo\PINN-PCM-SCI\paper\paper_revision_20260926_core\build\layout-supplement-final\page-43.png 174358
E:\Python demo\PINN-PCM-SCI\paper\paper_revision_20260926_core\build\layout-supplement-final\page-44.png 287683
E:\Python demo\PINN-PCM-SCI\paper\paper_revision_20260926_core\build\layout-supplement-final\page-45.png 357216
E:\Python demo\PINN-PCM-SCI\paper\paper_revision_20260926_core\build\layout-supplement-final\page-46.png 241853
E:\Python demo\PINN-PCM-SCI\paper\paper_revision_20260926_core\build\layout-supplement-final\page-47.png 338942
E:\Python demo\PINN-PCM-SCI\paper\paper_revision_20260926_core\build\layout-supplement-final\page-48.png 344746
E:\Python demo\PINN-PCM-SCI\paper\paper_revision_20260926_core\build\layout-supplement-final\page-49.png 245882
E:\Python demo\PINN-PCM-SCI\paper\paper_revision_20260926_core\build\layout-supplement-final\page-50.png 378927
E:\Python demo\PINN-PCM-SCI\paper\paper_revision_20260926_core\build\layout-supplement-final\page-51.png 292294
E:\Python demo\PINN-PCM-SCI\paper\paper_revision_20260926_core\build\layout-supplement-final\page-52.png 295957
E:\Python demo\PINN-PCM-SCI\paper\paper_revision_20260926_core\build\layout-supplement-final\page-53.png 303698
E:\Python demo\PINN-PCM-SCI\paper\paper_revision_20260926_core\build\layout-supplement-final\page-54.png 414123
E:\Python demo\PINN-PCM-SCI\paper\paper_revision_20260926_core\build\layout-supplement-final\page-55.png 274639
E:\Python demo\PINN-PCM-SCI\paper\paper_revision_20260926_core\build\layout-supplement-final\page-56.png 289324
E:\Python demo\PINN-PCM-SCI\paper\paper_revision_20260926_core\build\layout-supplement-final\page-57.png 308772
E:\Python demo\PINN-PCM-SCI\paper\paper_revision_20260926_core\build\layout-supplement-final\page-58.png 345417

